<pre><code>foo
</code></pre>
<pre><code class="lang-bash">ls
</code></pre>
