<div class="excerpt">
  <p>foo</p>
</div>
<div class="more">
  <p>bar</p>
</div>
