<p>
  <span class="pull-double">“</span>
  foo”
</p>
<h2 id="simple-pullquote">simple pullquote</h2>
<blockquote class="pullquote right">
  <p>spam</p>
</blockquote>
eggs
<h2 id="pullquote-with-linebreak">pullquote with linebreak</h2>
<blockquote class="pullquote right">
  <p>spam</p>
</blockquote>
<p>eggs</p>
