<figure class="highlight json"><table><tr><td class="code"><pre><div class="line">&#123;</div><div class="line">  <span class="attr">&quot;safari-os-x-10.11-latest&quot;</span>: &#123;</div><div class="line">    <span class="attr">&quot;base&quot;</span>: <span class="string">&quot;SauceLabs&quot;</span>,</div><div class="line">    <span class="attr">&quot;browserName&quot;</span>: <span class="string">&quot;safari&quot;</span>,</div><div class="line">    <span class="attr">&quot;name&quot;</span>: <span class="string">&quot;ui-safari-os-x-10.11-latest&quot;</span>,</div><div class="line">    <span class="attr">&quot;platform&quot;</span>: <span class="string">&quot;OS X 10.11&quot;</span>,</div><div class="line">    <span class="attr">&quot;version&quot;</span>: <span class="string">&quot;latest&quot;</span>,</div><div class="line">    <span class="attr">&quot;tunnel-identifier&quot;</span>: [process.env.TRAVIS_JOB_NUMBER],</div><div class="line">    <span class="attr">&quot;build&quot;</span>: [process.env.TRAVIS_BUILD_NUMBER]</div><div class="line">  &#125;</div><div class="line">&#125;</div></pre></td></tr></table></figure>
