<figure class="highlight plain">
  <table>
    <tr>
      <td class="code">
        <pre><div class="line">foo</div></pre>
      </td>
    </tr>
  </table>
</figure>

<figure class="highlight json">
  <table>
    <tr>
      <td class="code">
        <pre><div class="line">&#123;</div><div class="line">  <span class="attr">&quot;foo&quot;</span>: <span class="string">&quot;bar&quot;</span></div><div class="line">&#125;</div></pre>
      </td>
    </tr>
  </table>
</figure>
