<p><img src="/blog/some-post/image.jpg" alt="image.jpg" title=""></p>
