<blockquote>
    <strong>yes!</strong>
</blockquote>
