<div class="excerpt">
  <p>Start <a href="http://link">Link</a> end</p>
  <p>Start <a href="/link">Local link</a> end</p>
</div>
<div class="more">
  <p>Another <a href="/link">link</a> here</p>
</div>
