<img src="/blog/another-post/image.jpg" alt="image.jpg" title="">
