<h1 id="foo">foo</h1>
<p>bar</p>
<p>
  ham
  <span class="push-double"></span>
  <span class="pull-double">“</span>
  normal”.
spam
</p>
<p>
  eggs
  <span class="push-double"></span>
  <span class="pull-double">“</span>
  <em>bold</em>
  <span class="push-double"></span>
  <span class="pull-double">”</span>.
bacon
</p>
