<blockquote class="twitter-tweet"
            data-cards="hidden"
            data-lang="en-gb">
  <p lang="en" dir="ltr">
    Did you know you can share a Tweet privately via Direct Message? Learn more!
    <a href="https://t.co/X0b8ip53tX">https://t.co/X0b8ip53tX</a>
  </p>
  &mdash; Twitter Support (@TwitterSupport)
  <a href="https://twitter.com/TwitterSupport/status/806207281410883584?ref_src=twsrc%5Etfw">6 December 2016</a>
</blockquote> <script async src="https://platform.twitter.com/widgets.js" charset="utf-8"></script>
